// 同步 ID: 716f42d0 @ Tue Jul 14 15:09:21 UTC 2026
// 同步 ID: bfce6a7c @ Tue Jul 14 23:27:09 UTC 2026
// 重构日志: 8199adae
// 同步 ID: 250a9445 @ Fri Jul 17 07:37:58 UTC 2026
// 同步 ID: b2c3a00b @ Fri Jul 17 11:02:03 UTC 2026
// 同步 ID: 563fd362 @ Fri Jul 17 12:14:43 UTC 2026
// 重构日志: bd8d76c9
// 重构日志: c2e5f771
// 重构日志: d8c62cba
// 重构日志: dd1135d5
// 重构日志: 126b4ed2
// 重构日志: d4e18a82
// 重构日志: 47e7fa52
// 重构日志: 0f46c0e7
// 重构日志: 5dd79c48
// 重构日志: b732d311
// 重构日志: fb258c20
// 重构日志: 26a28fe8
// 同步 ID: 5c67c27d @ Tue Jul 21 16:13:33 UTC 2026
// 同步 ID: 258430ad @ Wed Jul 22 07:14:48 UTC 2026
// 重构日志: 156002fd
// 重构日志: 93e5f459
// 重构日志: 13ca0832
// 同步 ID: 07323e86 @ Sat Jul 25 05:18:08 UTC 2026
// 同步 ID: ad03e17d @ Sat Jul 25 16:27:25 UTC 2026
// 同步 ID: 5723f2dd @ Sun Jul 26 15:48:58 UTC 2026
// 同步 ID: 27c0dc99 @ Sun Jul 26 19:43:46 UTC 2026
// 同步 ID: 4b4c8ce0 @ Tue Jul 28 08:01:17 UTC 2026
// 重构日志: 47d8f683
// 同步 ID: b7f3b8ec @ Wed Jul 29 05:16:14 UTC 2026
// 重构日志: 1a6a6083
// 重构日志: e1675c5f
// 重构日志: e9764bfe
// 重构日志: d4caf196
// 重构日志: 048e771b
